// Vitest Snapshot v1

exports[`should > exported > delta 1`] = `
[
  [
    0,
    "import { describe, expect, it } from 'vitest'",
  ],
  [
    -1,
    "
import { one } from '../src'",
  ],
  [
    0,
    "

describe('should', () => {
  it('",
  ],
  [
    -1,
    "exported",
  ],
  [
    1,
    "one",
  ],
  [
    0,
    "', () => {
    expect(",
  ],
  [
    -1,
    "1",
  ],
  [
    1,
    "one).toEqual(1)
    expect(two",
  ],
  [
    0,
    ").toEqual(",
  ],
  [
    -1,
    "1",
  ],
  [
    1,
    "2",
  ],
  [
    0,
    ")
  })
})
",
  ],
]
`;

exports[`should > exported > outputs 1`] = `
"import { describe, expect, it } from 'vitest'

describe('should', () => {
  it('one', () => {
    expect(one).toEqual(1)
    expect(two).toEqual(2)
  })
})
"
`;

exports[`should > exported > patches 1`] = `
[
  {
    "from": 74,
    "length": 29,
    "type": "removal",
  },
  {
    "from": 88,
    "length": 8,
    "type": "removal",
  },
  {
    "from": 80,
    "text": "one",
    "type": "insert",
  },
  {
    "from": 106,
    "length": 1,
    "type": "removal",
  },
  {
    "from": 105,
    "text": "one).toEqual(1)
    expect(two",
    "type": "insert",
  },
  {
    "from": 146,
    "length": 1,
    "type": "removal",
  },
  {
    "from": 145,
    "text": "2",
    "type": "insert",
  },
]
`;
